// Jest Snapshot v1, https://goo.gl/fbAQLP

exports[`Pruebas en el componente<GifGrid />  Debe mostrarse correctamente 1`] = `
<Fragment>
  <h3
    className="animate__animated animate__fadeIn"
  >
     
    hello
  </h3>
  <p
    className="animate__animated animate__flash"
  >
    loading
  </p>
  <div
    className="card-grid"
  />
</Fragment>
`;
