// Jest Snapshot v1, https://goo.gl/fbAQLP

exports[`Pruebas GifGridItem Debe mostrar <GifGridItemp correctamente />  1`] = `
<div
  className="card animate__animated animate__bounce"
>
  <img
    alt="Un titulo"
    src="https://localhost/algo.com"
  />
  <p>
    Un titulo
  </p>
</div>
`;
